[yogaworks.com/index.html]
[backblue.gif]
[fade.gif]
[index.html]
[yogaworks.com/app/themes/yogaathome/dist/scripts/jquery-bc24cf159e3d36.js]
[yogaworks.com/app/plugins/yogaworks-notifications-framework/public/js/notifications_helpera78f.js]
[yogaworks.com/app/plugins/yogaworks-recurly-framework/public/js/onboarding_helperfc1f.js]
[yogaworks.com/app/themes/yogaathome/dist/scripts/modernizr-fae7c7d556039c.js]
[yogaworks.com/app/themes/yogaathome/dist/scripts/detectizr-a8e8e45ac93601.js]
[embed.typeform.com/next/embed.js]
[js.recurly.com/v4/recurly.js]
[www.googleoptimize.com/optimize5a3d.js]
[sleeknotecustomerscripts.sleeknote.com/58021.js]
[www.npttech.com/advertising.js]
[static.zdassets.com/ekr/snippet700e.js]
[script.crazyegg.com/pages/scripts/0111/0843.js]
[dj5m678t9f52c.cloudfront.net/app/uploads/2022/10/18005128/header-menu-image-practice.jpg]
[dj5m678t9f52c.cloudfront.net/app/uploads/2022/10/18005131/header-menu-image-about.jpg]
[dj5m678t9f52c.cloudfront.net/app/uploads/2022/10/18005133/header-menu-image-teacher-training.jpg]
[yogaworks.com/about/our-history/index.html]
[dj5m678t9f52c.cloudfront.net/app/uploads/2022/10/25235910/landing-banner-2.jpg]
[yogaworks.com/subscribe/index.html]
[yogaworks.com/digital/index.html]
[dj5m678t9f52c.cloudfront.net/app/uploads/2022/10/06233057/card-image-2.jpg]
[dj5m678t9f52c.cloudfront.net/app/uploads/2022/10/06233059/card-image-3.jpg]
[dj5m678t9f52c.cloudfront.net/app/uploads/2022/10/05042215/landing_2.jpg]
[yogaworks.com/library/index.html]
[yogaworks.com/live/index.html]
[dj5m678t9f52c.cloudfront.net/app/uploads/2022/10/05041451/banner-bg-image2.jpg]
[dj5m678t9f52c.cloudfront.net/app/uploads/2022/10/18020242/Pilates-Video-Cover-Image-min.jpg]
[yogaworks.com/digital/journey-series/index.html]
[cdn.jwplayer.com/libraries/V9pQI8Ot.js]
[dj5m678t9f52c.cloudfront.net/app/uploads/2022/10/05023259/newsletter-image.jpg]
[dj5m678t9f52c.cloudfront.net/app/uploads/2022/10/05023058/newsletter-logo1.png]
[yogaworks.com/teacher-training/index.html]
[yogaworks.com/gift-cards/index.html]
[dj5m678t9f52c.cloudfront.net/app/uploads/2022/10/05023100/newsletter-logo2.png]
[dj5m678t9f52c.cloudfront.net/app/uploads/2015/08/29062248/MYWteachers_Laura1.jpg]
[dj5m678t9f52c.cloudfront.net/app/uploads/2015/12/09231956/MYWteachers_JesseSchein.jpg]
[cf-images.us-east-1.prod.boltdns.net/v1/jit/6055873627001/3359a4d8-fd98-493c-a8e3-926e7564e17a/main/1280x720/12m618ms/match/image.jpg]
[cf-images.us-east-1.prod.boltdns.net/v1/static/6055873627001/fb6b7645-0c99-4b51-a1ab-1e925b96c711/3ed894a6-576c-43b4-91ce-58813fa378da/640x360/ma/image.28.delaye]
[dj5m678t9f52c.cloudfront.net/app/uploads/2015/12/09232010/MYWteachers_TimSenesi.jpg]
[yogaworks.com/digital/video/30-minute-well-balanced-flow/index.html]
[yogaworks.com/about/our-classes/index.html]
[yogaworks.com/about/our-teachers/index.html]
[cf-images.us-east-1.prod.boltdns.net/v1/static/6055873627001/4af8f32c-ef25-4d40-b0b4-cad32c77a14d/1e128299-bf2b-42aa-9c06-cc87215f09b0/640x360/ma/image.2a.delaye]
[dj5m678t9f52c.cloudfront.net/app/uploads/2015/08/29062246/MYWteachers_Alex1.jpg]
[cf-images.us-east-1.prod.boltdns.net/v1/static/6055873627001/497f8217-9804-4cd7-b291-81811b199301/b19beffd-70d2-4e66-8208-1b7924c6165a/640x360/ma/image.2c.delaye]
[yogaworks.com/digital/video/twist-cardio-core-combo/index.html]
[yogaworks.com/digital/video/well-rounded-deep-detox/index.html]
[cf-images.us-east-1.prod.boltdns.net/v1/jit/6055873627001/84684b78-b3be-498c-974c-24b9e9975040/main/1280x720/17m12s288ms/match/image.jpg]
[cf-images.us-east-1.prod.boltdns.net/v1/static/6055873627001/e93108a4-1ea4-4d67-bb1b-c4b188caf5f3/66f4d187-f3db-482f-9ebe-50e1546f047c/640x360/ma/image.2f.delaye]
[dj5m678t9f52c.cloudfront.net/app/uploads/2022/10/05042320/sun.png]
[dj5m678t9f52c.cloudfront.net/app/uploads/2022/10/05042518/landing_3.jpg]
[cf-images.us-east-1.prod.boltdns.net/v1/static/6055873627001/595328d6-971b-49c2-8874-96340c882b79/ad5deb72-8feb-40e2-bc3e-5ad5229e7d23/640x360/ma/image.31.delaye]
[yogaworks.com/digital/video/mindful-meditation/index.html]
[yogaworks.com/digital/video/20-minute-vinyasa-flow/index.html]
[cf-images.us-east-1.prod.boltdns.net/v1/static/6055873627001/af8ca094-eef6-4734-a3d2-418b3535ed46/a4074607-aeb6-4f08-837e-808a4c609cba/640x360/ma/image.33.delaye]
[yogaworks.com/digital/video/cardio-burn/index.html]
[yogaworks.com/digital/video/60-minute-well-balanced-flow/index.html]
[yogaworks.com/digital/video/30-minute-vinyasa-flow/index.html]
[yogaworks.com/lostpassword/index.html]
[yogaworks.com/legal/ada-compliance-notice/index.html]
[yogaworks.com/studio-corporate-discount/index.html]
[yogaworks.com/legal/terms/index.html]
[yogaworks.com/legal/privacy-policy/index.html]
[yogaworks.com/app/plugins/theme-my-login/assets/scripts/theme-my-login.min55e2.js]
[yogaworks.com/app/plugins/yogaworks-recurly-framework/public/js/settings_payments_helperfc1f.js]
[yogaworks.com/app/plugins/wp-pagebuilder/assets/js/maina78f.js]
[yogaworks.com/app/plugins/wp-pagebuilder/addons/posts/assets/js/posts-addona78f.js]
[yogaworks.com/app/themes/yogaathome/dist/scripts/jquery-f516892537.validate.js]
[yogaworks.com/app/themes/yogaathome/dist/scripts/waypoint-ecd31ddb59.min.js]
[yogaworks.com/app/themes/yogaathome/dist/scripts/popper-3d8c3a32a5.min.js]
[yogaworks.com/app/themes/yogaathome/dist/scripts/bootstrap-5294f9c565.min.js]
[yogaworks.com/app/themes/yogaathome/dist/scripts/slick-carousel-fd8352fa5f.js]
[yogaworks.com/app/themes/yogaathome/dist/scripts/moment-437b6c33f0.min.js]
[yogaworks.com/app/themes/yogaathome/dist/scripts/jquery-d066d084bc.mask.js]
[yogaworks.com/app/themes/yogaathome/dist/scripts/jquery-ui-f1b03be4b3.min.js]
[yogaworks.com/app/themes/yogaathome/dist/scripts/jquery-tags-input-5e347cabee.min.js]
[yogaworks.com/app/themes/yogaathome/dist/scripts/gsap-33e1c13de7.min.js]
[yogaworks.com/app/themes/yogaathome/dist/scripts/jquery-4be15abd1c.mousewheel.js]
[yogaworks.com/app/themes/yogaathome/dist/scripts/jquery-8ee0c3ad94.jscrollpane.js]
[yogaworks.com/app/themes/yogaathome/dist/scripts/jquery-18b586da8c.cookie.js]
[yogaworks.com/app/themes/yogaathome/dist/scripts/jquery-b37416bb88.payment.js]
[yogaworks.com/app/themes/yogaathome/dist/scripts/jquery-e547fdf0cf.scrollmagic.js]
[yogaworks.com/app/themes/yogaathome/dist/scripts/addtocalendar-c88e4a4d9a.js]
[yogaworks.com/app/themes/yogaathome/dist/scripts/paginationjs-4a7ab96fbf.js]
[yogaworks.com/app/themes/yogaathome/dist/scripts/main-df1ffd9ca1.js]
[yogaworks.com/app/themes/yogaathome/dist/scripts/yw-header-5268bf14f5.js]
[yogaworks.com/app/themes/yogaathome/dist/scripts/video-player-d33a5edd04.js]
[yogaworks.com/app/plugins/yogaworks-marianatek-fe/dist/scripts/magnific-popup-4dd137879b.js]
[yogaworks.com/app/plugins/yogaworks-marianatek-fe/dist/scripts/main-d4526df4bc8a54.js]
[yogaworks.com/index.html]
[yogaworks.com/app/plugins/wp-pagebuilder/assets/css/jquery-ui35d0.css]
[yogaworks.com/app/plugins/wp-pagebuilder/assets/css/animate.mindc98.css]
[yogaworks.com/app/plugins/wp-pagebuilder/assets/fonts/fa-brands-400.eot]
[yogaworks.com/app/plugins/wp-pagebuilder/assets/fonts/fa-brands-400d41d.eot]
[yogaworks.com/app/plugins/wp-pagebuilder/assets/fonts/fa-brands-400.woff]
[yogaworks.com/app/plugins/wp-pagebuilder/assets/fonts/fa-brands-400.ttf]
[yogaworks.com/app/plugins/wp-pagebuilder/assets/fonts/fa-regular-400.eot]
[yogaworks.com/app/plugins/wp-pagebuilder/assets/fonts/fa-regular-400d41d.eot]
[yogaworks.com/app/plugins/wp-pagebuilder/assets/fonts/fa-regular-400.woff]
[yogaworks.com/app/plugins/wp-pagebuilder/assets/fonts/fa-regular-400.ttf]
[yogaworks.com/app/plugins/wp-pagebuilder/assets/fonts/fa-solid-900.eot]
[yogaworks.com/app/plugins/wp-pagebuilder/assets/fonts/fa-solid-900d41d.eot]
[yogaworks.com/app/plugins/wp-pagebuilder/assets/fonts/fa-solid-900.woff]
[yogaworks.com/app/plugins/wp-pagebuilder/assets/fonts/fa-solid-900.ttf]
[yogaworks.com/app/plugins/wp-pagebuilder/assets/css/font-awesome-5.mindc98.css]
[yogaworks.com/app/plugins/wp-pagebuilder/assets/fonts/WPPageBuilder5b9b.ttf]
[yogaworks.com/app/plugins/wp-pagebuilder/assets/fonts/WPPageBuilder5b9b.woff]
[yogaworks.com/app/plugins/wp-pagebuilder/assets/css/wppb-fontsdc98.css]
[yogaworks.com/app/plugins/wp-pagebuilder/assets/css/wppb-addonsdc98.css]
[yogaworks.com/app/plugins/wp-pagebuilder/assets/css/wppb-maindc98.css]
[yogaworks.com/app/plugins/yogaworks-marianatek-fe/dist/images/checkbox-sm-checked.png]
[yogaworks.com/app/plugins/yogaworks-marianatek-fe/dist/styles/main-ab5dc2ae338a54.css]
[yogaworks.com/app/plugins/wp-pagebuilder/addons/posts/assets/css/posts-addona78f.css]
[cloud.typography.com/7457974/664628/css/fonts.css]
[yogaworks.com/app/themes/yogaathome/dist/fonts/fontawesome-webfont3e6e.eot]
[yogaworks.com/app/themes/yogaathome/dist/fonts/fontawesome-webfontd41d.eot]
[yogaworks.com/app/themes/yogaathome/dist/fonts/fontawesome-webfont3e6e.woff]
[yogaworks.com/app/themes/yogaathome/dist/fonts/fontawesome-webfont3e6e.ttf]
[yogaworks.com/app/themes/yogaathome/dist/styles/main-bc6d60ad40.css]
[js.recurly.com/v4/recurly.css]
[embed.typeform.com/next/embed.js]
[dj5m678t9f52c.cloudfront.net/app/uploads/2022/10/05020115/landing-banner-1.jpg]
[dj5m678t9f52c.cloudfront.net/app/uploads/2015/12/09232006/MYWteachers_MelanieLoraMeltzer.jpg]
[cf-images.us-east-1.prod.boltdns.net/v1/static/6055873627001/fa6aa325-38d1-46cb-9afd-c49c126cd5fe/0ecc7eb3-cfee-4a4c-ac37-8fa7ced6343b/640x360/ma/image.85.delaye]
[yogaworks.com/digital/video/morning-stretch/index.html]
[dj5m678t9f52c.cloudfront.net/app/uploads/2019/12/17154011/IMG_8130-e1576626074843.jpg]
[cf-images.us-east-1.prod.boltdns.net/v1/static/6055873627001/c74b8aff-315a-499b-b4fd-213d957d15df/40331a74-1fab-473c-873d-2f1bcfd681b9/1280x720/m/image.87.delaye]
[yogaworks.com/digital/video/get-up-and-flow-2/index.html]
[dj5m678t9f52c.cloudfront.net/app/uploads/2015/12/09231937/MYWteachers_CalvinCorzine.jpg]
[cf-images.us-east-1.prod.boltdns.net/v1/static/6055873627001/4e48a13c-e430-4164-8882-3e6021409547/92d9b299-65fe-4b94-bad7-6409b28f14fd/1280x720/m/image.89.delaye]
[cf-images.us-east-1.prod.boltdns.net/v1/jit/6055873627001/453e884e-2532-439e-ae8b-54107c6178fa/main/1280x720/16m59s552ms/match/image.jpg]
[cf-images.us-east-1.prod.boltdns.net/v1/jit/6055873627001/4cd04339-dcba-49e0-9a99-4110bd6fbd93/main/1280x720/14m55s146ms/match/image.jpg]
[cf-images.us-east-1.prod.boltdns.net/v1/static/6055873627001/7735e550-20db-443b-8c46-c6c4288736b9/bdb91bdb-f807-4e41-aeb1-ff40a4bc0248/640x360/ma/image.8a.delaye]
[yogaworks.com/digital/video/you-are-a-warrior/index.html]
[dj5m678t9f52c.cloudfront.net/app/uploads/2015/12/09232013/MYWteachers_VytasBaskauskas.jpg]
[yogaworks.com/digital/index.html]
[cf-images.us-east-1.prod.boltdns.net/v1/static/6055873627001/9d7775cf-63ae-44fb-91e2-e80ae651f212/89bcfedd-fd77-4af5-8178-cfb184f92a82/640x360/ma/image.8b.delaye]
[yogaworks.com/digital/video/runners-flow/index.html]
[yogaworks.com/app/themes/yogaathome/dist/scripts/jquery-bc24cf159e.js]
[yogaworks.com/digital/video/do-your-hamwork/index.html]
[yogaworks.com/about/our-history/index.html]
[yogaworks.com/digital/video/regular-daily-practice/index.html]
[yogaworks.com/app/themes/yogaathome/dist/images/logo-new.svg]
[yogaworks.com/app/themes/yogaathome/dist/images/logo-without-text.svg]
[yogaworks.com/digital/video/power-yoga-series-2/index.html]
[yogaworks.com/tt-contract/index.html]
[yogaworks.com/app/themes/yogaathome/dist/images/human4.png]
[www.google.com/recaptcha/api.js]
[yogaworks.com/subscribe/index.html]
[dj5m678t9f52c.cloudfront.net/app/uploads/2022/10/17080242/Logged-Out-Banner-min.jpg]
[yogaworks.com/login/index0dec.html]
[yogaworks.com/live/index.html]
[yogaworks.com/app/themes/yogaathome/dist/images/banner-bg-image.png]
[yogaworks.com/library/index.html]
[dj5m678t9f52c.cloudfront.net/app/uploads/2022/09/22072909/banner-bg-image2.png]
[dj5m678t9f52c.cloudfront.net/app/uploads/2022/10/18061211/Journey-Series_Ignite-Your-Passion-7-Day-Challenge-min.jpg]
[yogaworks.com/digital/journey/ignite-your-inner-passion/index.html]
[dj5m678t9f52c.cloudfront.net/app/uploads/2022/10/18061339/Journey-Series_Beyond-Fear-min.jpg]
[dj5m678t9f52c.cloudfront.net/app/uploads/2022/10/18061437/Journey-Series_Heart-Opening-Challenge-min.jpg]
[yogaworks.com/digital/journey/heart-opening/index.html]
[yogaworks.com/digital/journey/beyond-fear-challenge/index.html]
[dj5m678t9f52c.cloudfront.net/app/uploads/2022/10/18061941/Journey-Series_Core_variety__op2-min.jpg]
[yogaworks.com/digital/journey/core/index.html]
[yogaworks.com/digital/journey/chakras/index.html]
[dj5m678t9f52c.cloudfront.net/app/uploads/2022/10/18061813/Journey-Series_Chakras_MiaTogo_op2-min.jpg]
[dj5m678t9f52c.cloudfront.net/app/uploads/2022/10/18061729/Journey-Series_Bakasana-min.jpg]
[yogaworks.com/digital/journey/bakasana/index.html]
[dj5m678t9f52c.cloudfront.net/app/uploads/2022/10/18061631/Journey-Series_Pincha-Handstand-min.jpg]
[yogaworks.com/digital/journey/handstand/index.html]
[dj5m678t9f52c.cloudfront.net/app/uploads/2022/10/18061535/Journey-Series_Office-Yoga__op2-min1.jpg]
[yogaworks.com/digital/journey/office-yoga/index.html]
[dj5m678t9f52c.cloudfront.net/app/uploads/2022/10/18062013/Journey-Series_Yoga101_Melanie-and-Calvin-min.jpg]
[yogaworks.com/digital/journey/yoga-101/index.html]
[dj5m678t9f52c.cloudfront.net/app/uploads/2022/10/18061852/Journey-Series_Meditation-with-Birgitte-min.jpg]
[yogaworks.com/digital/journey-series/index.html]
[dj5m678t9f52c.cloudfront.net/app/uploads/2022/10/17063743/TT-Banner-min.jpg]
[yogaworks.com/digital/journey/meditation-journey/index.html]
[dj5m678t9f52c.cloudfront.net/app/uploads/2022/10/06061404/icon_200_1.png]
[dj5m678t9f52c.cloudfront.net/app/uploads/2022/10/06061405/icon_200_2.png]
[dj5m678t9f52c.cloudfront.net/app/uploads/2022/10/06061406/icon_200_3.png]
[dj5m678t9f52c.cloudfront.net/app/uploads/2022/10/06061407/icon_200_4.png]
[dj5m678t9f52c.cloudfront.net/app/uploads/2022/10/17052418/Groundbreaking-Program-Block-min.jpg]
[dj5m678t9f52c.cloudfront.net/app/uploads/2022/10/18120723/JLW_8965_Experienced-Faculty_First-1-1.jpg]
[dj5m678t9f52c.cloudfront.net/app/uploads/2022/10/18120843/JLW_9962_Experienced-Faculty_Second-1-1.jpg]
[dj5m678t9f52c.cloudfront.net/app/uploads/2022/10/18120950/JLW_9034_Experienced-Faculty_Third-1-1.jpg]
[yogaworks.com/teacher-training/index.html]
[dj5m678t9f52c.cloudfront.net/app/uploads/2022/10/18015617/Giftcards-Banner-min.jpg]
[yogaworks.com/gift-cards/index.html]
[dj5m678t9f52c.cloudfront.net/app/uploads/2022/10/17235112/448x300_Vinyasa-Tile.jpg]
[dj5m678t9f52c.cloudfront.net/app/uploads/2022/10/17235127/448x300_YogaWorks-Tile.jpg]
[dj5m678t9f52c.cloudfront.net/app/uploads/2022/10/17235143/448x300_Iyengar-Tile.jpg]
[yogaworks.com/vinyasa-yoga/index.html]
[dj5m678t9f52c.cloudfront.net/app/uploads/2022/10/17235157/448x300_Restorative-Tile.jpg]
[yogaworks.com/yogaworks-yoga/index.html]
[dj5m678t9f52c.cloudfront.net/app/uploads/2022/10/17235205/448x300_Yin-Tile.jpg]
[yogaworks.com/about/our-classes/index.html]
[yogaworks.com/about/our-teachers/index.html]
[yogaworks.com/restorative-yoga/index.html]
[yogaworks.com/iyengar-yoga/index.html]
[yogaworks.com/yin-yoga/index.html]
[players.brightcove.net/6055873627001/YXPyO2n56_default/index.min.js]
[yogaworks.com/app/themes/yogaathome/dist/scripts/brightcove-player-loader-c1a4d508d7.js]
[yogaworks.com/digital/video/30-minute-well-balanced-flow/index.html]
[yogaworks.com/digital/video/twist-cardio-core-combo/index.html]
[yogaworks.com/digital/video/well-rounded-deep-detox/index.html]
[yogaworks.com/digital/video/20-minute-vinyasa-flow/index.html]
[yogaworks.com/digital/video/mindful-meditation/index.html]
[yogaworks.com/digital/video/cardio-burn/index.html]
[yogaworks.com/digital/video/30-minute-vinyasa-flow/index.html]
[yogaworks.com/digital/video/60-minute-well-balanced-flow/index.html]
[yogaworks.com/app/themes/yogaathome/dist/images/cross.svg]
[yogaworks.com/lostpassword/index.html]
[yogaworks.com/login/index.html]
[dbafh6w2m82ux.cloudfront.net/app/uploads/2019/11/13155501/Badge-reviewedby-color.png]
[yogaworks.com/legal/ada-compliance-notice/index.html]
[yogaworks.com/wp/wp-includes/js/underscore.min4511.js]
[yogaworks.com/wp/wp-includes/js/backbone.min2fca.js]
[yogaworks.com/app/plugins/ninja-forms/assets/js/min/front-end-deps6875.js]
[yogaworks.com/app/plugins/ninja-forms/assets/js/min/front-end6875.js]
[dj5m678t9f52c.cloudfront.net/app/uploads/2022/10/18005557/Corporate-Programs-Banner-min.jpg]
[dj5m678t9f52c.cloudfront.net/app/uploads/2022/09/26064019/corporate_carousel_1.jpg]
[yogaworks.com/app/themes/yogaathome/dist/images/corporate_icon_1.png]
[dj5m678t9f52c.cloudfront.net/app/uploads/2022/09/26064049/corporate_carousel_2.jpg]
[yogaworks.com/app/themes/yogaathome/dist/images/corporate_icon_2.png]
[dj5m678t9f52c.cloudfront.net/app/uploads/2022/09/26064130/corporate_carousel_3.jpg]
[yogaworks.com/app/themes/yogaathome/dist/images/corporate_icon_3.png]
[dj5m678t9f52c.cloudfront.net/app/uploads/2022/10/18005915/Happier-Healthier-Block-min.jpg]
[dj5m678t9f52c.cloudfront.net/app/uploads/2022/10/18005839/Why-Choose-Us-min.jpg]
[yogaworks.com/studio-corporate-discount/index.html]
[yogaworks.com/app/themes/yogaathome/dist/images/yw-logo-lite.svg]
[yogaworks.com/legal/terms/index.html]
[yogaworks.com/legal/privacy-policy/index.html]
[yogaworks.com/app/themes/yogaathome/dist/images/facebook-black.svg]
[yogaworks.com/app/themes/yogaathome/dist/images/twitter-black.svg]
[yogaworks.com/app/themes/yogaathome/dist/images/instagram-black.svg]
[yogaworks.com/app/themes/yogaathome/dist/images/youtube-black.svg]
[yogaworks.com/app/themes/yogaathome/dist/images/linkedin-black.svg]
[yogaworks.com/app/themes/yogaathome/dist/images/loading.svg]
[app.termly.io/embed-policy.min.js]
[acsbapp.com/apps/app/dist/media/whl.jpg]
[acsbapp.com/apps/app/dist/js/app.js]
[yogaworks.com/app/plugins/wp-pagebuilder/assets/css/images/ui-icons_444444_256x240.html]
[yogaworks.com/app/plugins/wp-pagebuilder/assets/css/images/ui-icons_555555_256x240.html]
[yogaworks.com/app/plugins/wp-pagebuilder/assets/css/images/ui-icons_ffffff_256x240.html]
[yogaworks.com/app/plugins/wp-pagebuilder/assets/css/images/ui-icons_777620_256x240.html]
[yogaworks.com/app/plugins/wp-pagebuilder/assets/css/images/ui-icons_cc0000_256x240.html]
[yogaworks.com/app/plugins/wp-pagebuilder/assets/css/images/ui-icons_777777_256x240.html]
[yogaworks.com/app/plugins/wp-pagebuilder/assets/fonts/fa-brands-400.html]
[yogaworks.com/app/plugins/wp-pagebuilder/assets/fonts/fa-brands-400.svg]
[yogaworks.com/app/plugins/wp-pagebuilder/assets/fonts/fa-regular-400.html]
[yogaworks.com/app/plugins/wp-pagebuilder/assets/fonts/fa-regular-400.svg]
[yogaworks.com/app/plugins/wp-pagebuilder/assets/fonts/fa-solid-900.html]
[yogaworks.com/app/plugins/wp-pagebuilder/assets/fonts/fa-solid-900.svg]
[yogaworks.com/app/plugins/wp-pagebuilder/assets/fonts/WPPageBuilder5b9b.svg]
[yogaworks.com/app/themes/yogaathome/dist/fonts/fontawesome-webfont3e6e.html]
[yogaworks.com/indexdca0.html]
[yogaworks.com/app/themes/yogaathome/dist/fonts/fontawesome-webfont3e6e.svg]
[yogaworks.com/popover.html]
[yogaworks.com/popup.html]
[yogaworks.com/sidetab.html]
[yogaworks.com/slider.html]
[yogaworks.com/widget.html]
[yogaworks.com/i.html]
[yogaworks.com/window.location.html]
[yogaworks.com/app/themes/yogaathome/dist/images/today-icon-dark.svg]
[yogaworks.com/app/themes/yogaathome/dist/images/usa-today-icon-dark.svg]
[yogaworks.com/digital/video/morning-stretch/index.html]
[yogaworks.com/digital/video/get-up-and-flow-2/index.html]
[yogaworks.com/digital/video/you-are-a-warrior/index.html]
[yogaworks.com/digital/video/runners-flow/index.html]
[yogaworks.com/digital/video/do-your-hamwork/index.html]
[yogaworks.com/digital/video/regular-daily-practice/index.html]
[yogaworks.com/digital/video/power-yoga-series-2/index.html]
[yogaworks.com/app/themes/yogaathome/dist/images/close.svg]
[yogaworks.com/tt-contract/index.html]
[yogaworks.com/membership-agreement/index.html]
[yogaworks.com/app/themes/yogaathome/dist/images/loader.svg]
[yogaworks.com/app/themes/yogaathome/dist/images/arrow_right.svg]
[yogaworks.com/app/themes/yogaathome/dist/images/arrow-dropdown.svg]
[yogaworks.com/login/index0dec.html]
[yogaworks.com/app/themes/yogaathome/dist/images/schedule-duration.svg]
[yogaworks.com/app/themes/yogaathome/dist/images/schedule-dropdown.svg]
[yogaworks.com/app/themes/yogaathome/dist/images/schedule-level.svg]
[yogaworks.com/app/themes/yogaathome/dist/images/schedule-teacherName.svg]
[yogaworks.com/app/themes/yogaathome/dist/images/magnifier.svg]
[yogaworks.com/app/themes/yogaathome/dist/index.html]
[yogaworks.com/app/themes/yogaathome/dist/images/search.svg]
[yogaworks.com/app/themes/yogaathome/dist/images/journey.png]
[yogaworks.com/digital/video/yoga-break/index.html]
[cf-images.us-east-1.prod.boltdns.net/v1/jit/6055873627001/b9be3c90-d95f-41de-9380-8d1c9b5a9c88/main/1280x720/28m21s195ms/match/image.jpg]
[dj5m678t9f52c.cloudfront.net/app/uploads/2017/12/07122822/Romy-Headshot-in-Pink-564x1024-Cropped.jpg]
[cf-images.us-east-1.prod.boltdns.net/v1/jit/6055873627001/31a37a0f-39bf-4c1e-bcce-9ec99bf886e8/main/1280x720/22m41s514ms/match/image.jpg]
[cf-images.us-east-1.prod.boltdns.net/v1/static/6055873627001/b79365f7-bfcf-44e2-8340-38712b455318/8efaeaa9-cbef-478d-9f15-b565f0d4a054/640x360/ma/image.d9.delaye]
[dj5m678t9f52c.cloudfront.net/app/uploads/2015/12/09232007/MYWteachers_MiaTogo.jpg]
[yogaworks.com/digital/video/quick-beginners-detox/index.html]
[yogaworks.com/digital/video/easy-flow/index.html]
[cf-images.us-east-1.prod.boltdns.net/v1/jit/6055873627001/8f10b4e6-a5f5-4771-993e-67c723c0e8a0/main/1280x720/19m30s101ms/match/image.jpg]
[dj5m678t9f52c.cloudfront.net/app/uploads/2015/12/09231957/MYWteachers_jillianPransky.jpg]
[yogaworks.com/digital/video/core-centering/index.html]
[cf-images.us-east-1.prod.boltdns.net/v1/jit/6055873627001/5ca38588-cb60-4f7d-a9b5-aab7c571a0c2/main/1280x720/33m6s613ms/match/image.jpg]
[dj5m678t9f52c.cloudfront.net/app/uploads/2016/03/24205052/thumbnail-2.jpg]
[cf-images.us-east-1.prod.boltdns.net/v1/jit/6055873627001/deff2371-0cff-450b-b05f-fc8321cb0873/main/1280x720/29m35s659ms/match/image.jpg]
[yogaworks.com/digital/video/relax-deeply-2/index.html]
[yogaworks.com/digital/video/new-to-2/index.html]
[cf-images.us-east-1.prod.boltdns.net/v1/jit/6055873627001/d100be34-ae9a-4120-b9e6-4660a33daf2a/main/1280x720/10m19s904ms/match/image.jpg]
[dj5m678t9f52c.cloudfront.net/app/uploads/2017/09/12050519/Justin-Temple.jpg]
[yogaworks.com/digital/video/better-than-coffee/index.html]
[cf-images.us-east-1.prod.boltdns.net/v1/jit/6055873627001/b41809e0-6859-4fad-86f2-d08c0e4fce2b/main/1280x720/8m41s173ms/match/image.jpg]
[dj5m678t9f52c.cloudfront.net/app/uploads/2017/11/08105928/JessicaSeabern700x700.jpg]
[cf-images.us-east-1.prod.boltdns.net/v1/jit/6055873627001/8c3188f8-3c82-499d-80fb-13a1b2cb1396/main/1280x720/12m43s861ms/match/image.jpg]
[yogaworks.com/digital/video/mini-detox/index.html]
[dj5m678t9f52c.cloudfront.net/app/uploads/2017/12/20105057/baddha-konasana-Cropped.jpg]
[yogaworks.com/digital/video/dancing-flow-warrior-series/index.html]
[cf-images.us-east-1.prod.boltdns.net/v1/jit/6055873627001/e7d17a32-7867-4c19-bd76-bf02894ecfd0/main/1280x720/4m48s906ms/match/image.jpg]
[cf-images.us-east-1.prod.boltdns.net/v1/static/6055873627001/e199889e-5cb3-4f79-b9e7-6bb99daf855a/ef1b547b-1531-41d2-b332-dfd8907c8766/640x360/ma/image.e8.delaye]
[dj5m678t9f52c.cloudfront.net/app/uploads/2019/02/07145146/birgitte-2-copy-copy-e1549579933787.jpg]
[yogaworks.com/digital/video/explore-your-core/index.html]
[yogaworks.com/digital/video/work-toward-meditation/index.html]
[cf-images.us-east-1.prod.boltdns.net/v1/jit/6055873627001/976478eb-8620-4162-b952-e80fb57a47fe/main/1280x720/13m7s402ms/match/image.jpg]
[dj5m678t9f52c.cloudfront.net/app/uploads/2016/07/02001601/thumbnail.jpg]
[cf-images.us-east-1.prod.boltdns.net/v1/jit/6055873627001/cfb72a38-ffff-4be8-9dbe-516e01a416fd/main/1280x720/28m31s776ms/match/image.jpg]
[yogaworks.com/digital/video/my-favorite-30-min-sequence/index.html]
[yogaworks.com/digital/video/power-yoga-60-min-flow/index.html]
[dj5m678t9f52c.cloudfront.net/app/uploads/2015/12/09231941/MYWteachers_DavidKim.jpg]
[cf-images.us-east-1.prod.boltdns.net/v1/static/6055873627001/14603938-15e6-4697-98a6-6da6174addad/9569ba41-7d7c-4fbc-a5de-5759d8412af8/640x360/ma/image.ed.delaye]
[cf-images.us-east-1.prod.boltdns.net/v1/static/6055873627001/d2db768a-f0cb-4126-a259-c3a7d87564b4/ea645dc3-c950-45dd-b611-ac1c865ac2d2/640x360/ma/image.ee.delaye]
[yogaworks.com/digital/video/balanced-flow/index.html]
[cf-images.us-east-1.prod.boltdns.net/v1/static/6055873627001/c5db073c-3ddf-42a6-9c5f-a3444031f0ed/9425d010-ef2a-4528-a379-bececeb46110/640x360/ma/image.ef.delaye]
[cf-images.us-east-1.prod.boltdns.net/v1/static/6055873627001/4a95f411-8067-49f4-91ff-cd2f5e78e40a/dd77734a-4115-4aa9-94cb-ea6234ba77de/640x360/ma/image.f1.delaye]
[dj5m678t9f52c.cloudfront.net/app/uploads/2015/12/09232009/MYWteachers_SarahEzrin.f3.delayed]
[yogaworks.com/digital/video/30-min-detox/index.html]
[yogaworks.com/digital/journey/ignite-your-inner-passion/index.html]
[yogaworks.com/digital/video/morning-power-flow/index.html]
[yogaworks.com/digital/video/all-about-the-core/index.html]
[yogaworks.com/digital/video/yo-zac/index.html]
[cf-images.us-east-1.prod.boltdns.net/v1/static/6055873627001/5f2243c9-5aa4-4656-96b6-4a008de07293/f7519c77-e518-4662-a620-da55ebeeb9e7/640x360/ma/image.f2.delaye]
[dj5m678t9f52c.cloudfront.net/app/uploads/2016/09/23165920/beyond-js.jpg]
[cf-images.us-east-1.prod.boltdns.net/v1/static/6055873627001/05aed7a4-64a6-4745-b642-c8a43111719e/d7c336cd-784e-46f5-97be-23b984ed2e98/1280x720/m/image.f5.delaye]
[cf-images.us-east-1.prod.boltdns.net/v1/static/6055873627001/fe64f5d2-42a1-4c08-a501-1b1b757c475c/d21a8a4f-3ccf-4737-9921-9bc981bff1ea/640x360/ma/image.f4.delaye]
[yogaworks.com/digital/video/go-flow/index.html]
[yogaworks.com/digital/video/powerful-flow/index.html]
[yogaworks.com/digital/video/functional-poses/index.html]
[cf-images.us-east-1.prod.boltdns.net/v1/jit/6055873627001/2443f4a3-99f2-4e28-b5df-c73dbd7be5b3/main/1280x720/7m7s296ms/match/image.jpg]
[cf-images.us-east-1.prod.boltdns.net/v1/static/6055873627001/89706268-8edd-4ef8-9bc4-35e22efd7991/b7da6156-5614-4692-b6e7-848e1ef92013/640x360/ma/image.f8.delaye]
[cf-images.us-east-1.prod.boltdns.net/v1/static/6055873627001/6f0ec3b0-0019-4b8d-8e80-1d80850d74de/ebceafbf-9818-4779-8fca-a03fa151a47c/640x360/ma/image.f9.delaye]
[yogaworks.com/digital/video/have-10-minutes-to-practice-practice/index.html]
[dj5m678t9f52c.cloudfront.net/app/uploads/2015/12/07135656/MYWteachers_AnneVan.jpg]
[cf-images.us-east-1.prod.boltdns.net/v1/jit/6055873627001/1b6720a2-a285-4707-bff5-3e8f1a31c32e/main/1280x720/10m27s776ms/match/image.jpg]
[cf-images.us-east-1.prod.boltdns.net/v1/static/6055873627001/101defc5-09d4-403e-b46e-20fa4aa41142/e9d8760f-ce82-4154-98ec-37dc7f5f9cdc/640x360/ma/image.fa.delaye]
[cf-images.us-east-1.prod.boltdns.net/v1/static/6055873627001/b4e8699d-0cf3-42da-b29d-cde805ac9f7e/326fdcd7-8a44-4208-b925-e0c6944c10f9/640x360/ma/image.fb.delaye]
[yogaworks.com/digital/video/core-power/index.html]
[yogaworks.com/digital/video/back-leg-tutorial/index.html]
[cf-images.us-east-1.prod.boltdns.net/v1/jit/6055873627001/a51f8c1f-6855-4c6f-9090-c1b9cbbbf45d/main/1280x720/14m33s472ms/match/image.jpg]
[yogaworks.com/digital/video/practice-plank/index.html]
[cf-images.us-east-1.prod.boltdns.net/v1/static/6055873627001/075e867e-2caf-4257-ae0b-e8f5705f15d1/a47ab9f8-0cc9-4c1b-a40c-64b79415d546/640x360/ma/image.ff.delaye]
[yogaworks.com/digital/video/power-yoga-series-1/index.html]
[cf-images.us-east-1.prod.boltdns.net/v1/static/6055873627001/2f9faef4-5c37-4c27-a565-5d380ce264de/26384478-d5a8-496c-9ec9-147a64e4732a/640x360/m/image.100.delaye]
[yogaworks.com/digital/video/healing-practice/index.html]
[cf-images.us-east-1.prod.boltdns.net/v1/jit/6055873627001/eb969750-0ff4-4225-a9e4-0291a15801a9/main/1280x720/16m28s778ms/match/image.jpg]
[yogaworks.com/digital/video/core-awareness-strength/index.html]
[cf-images.us-east-1.prod.boltdns.net/v1/static/6055873627001/1a2cefb6-eee6-4c9c-b88f-b3e3e8f9b4c9/c73784d2-39a9-4316-ab8f-2d298cab24e0/640x360/m/image.101.delaye]
[yogaworks.com/digital/video/time-for-a-quickie/index.html]
[yogaworks.com/digital/video/half-hour-cardio-for-beginners/index.html]
[cf-images.us-east-1.prod.boltdns.net/v1/static/6055873627001/f83d6359-53b3-410b-9262-b9921a31d743/b3188b26-e8ea-4eb4-8901-d8e9f23b5976/640x360/m/image.103.delaye]
[dj5m678t9f52c.cloudfront.net/app/uploads/2015/12/09232000/MYWteachers_PattiQuintero.jpg]
[yogaworks.com/digital/video/twists-backbends/index.html]
[cf-images.us-east-1.prod.boltdns.net/v1/static/6055873627001/e730f942-7c06-4825-95c3-f8afe58020ca/d23ba3e5-d975-4335-8880-8011198fac75/640x360/m/image.105.delaye]
[yogaworks.com/digital/video/level-1-lower-body/index.html]
[cf-images.us-east-1.prod.boltdns.net/v1/static/6055873627001/ea7c422e-8b41-45ec-9db1-82638622fff3/300ee73b-0061-4f64-b30f-dc02f1cefbce/640x360/m/image.106.delaye]
[yogaworks.com/digital/video/beginners-daily-practice/index.html]
[dj5m678t9f52c.cloudfront.net/app/uploads/2015/12/07134357/MYWteachers_Caley_Alyssa_2.jpg]
[cf-images.us-east-1.prod.boltdns.net/v1/static/6055873627001/d16cfa5f-aeca-477c-ad81-aea82cf7fe92/dc72670b-cbd1-4c8f-bad2-80d3b927e752/640x360/m/image.107.delaye]
[cf-images.us-east-1.prod.boltdns.net/v1/jit/6055873627001/3fd8df11-448b-420a-9fef-d8b66258e482/main/1280x720/9m55s264ms/match/image.jpg]
[yogaworks.com/digital/video/10-min-core-butt/index.html]
[yogaworks.com/digital/video/quick-am-pick-me-up/index.html]
[cf-images.us-east-1.prod.boltdns.net/v1/static/6055873627001/fce66885-a79c-4942-bba7-4eccee9137d0/d5a164b5-ab3c-4d11-aad8-97843a47f1af/640x360/m/image.108.delaye]
[yogaworks.com/digital/video/10-minute-abs/index.html]
[dj5m678t9f52c.cloudfront.net/app/uploads/2015/12/09231944/MYWteachers_ErinCookston.jpg]
[cf-images.us-east-1.prod.boltdns.net/v1/static/6055873627001/0b6ef349-3de3-46f7-8e5d-bfb952361644/05c77eae-12d6-4ce4-b08f-e5a991bc6505/640x360/m/image.109.delaye]
[cf-images.us-east-1.prod.boltdns.net/v1/static/6055873627001/73ca5700-b2ba-44d8-aa13-6d363212ba1f/56604ae2-3729-499b-9d62-8961d27e6b27/640x360/m/image.10b.delaye]
[yogaworks.com/digital/video/upper-body-blast/index.html]
[dj5m678t9f52c.cloudfront.net/app/uploads/2015/12/09231950/MYWteachers_DavidLynch.jpg]
[cf-images.us-east-1.prod.boltdns.net/v1/static/6055873627001/a9c0ef85-a924-4a85-987e-59cb280813cc/0ea1a4ac-2d32-4934-9ed2-98cdb5bb7820/640x360/m/image.10e.delaye]
[yogaworks.com/digital/journey/beyond-fear-challenge/index.html]
[yogaworks.com/digital/video/all-about-that-base/index.html]
[yogaworks.com/digital/video/20-minute-well-balanced-flow/index.html]
[cf-images.us-east-1.prod.boltdns.net/v1/static/6055873627001/da2f1d33-a455-4aed-ba5c-2b0a61981a86/1f613d79-d11f-4de1-b347-e7c6bdd1d0b7/640x360/m/image.110.delaye]
[yogaworks.com/digital/video/20-minute-yin/index.html]
[cf-images.us-east-1.prod.boltdns.net/v1/static/6055873627001/18c13ccb-afb6-4146-baae-74e9b7d33e26/9379c6a6-f3a7-4249-a81e-8d1df9a7d9e8/640x360/m/image.10f.delaye]
[yogaworks.com/digital/video/not-so-hardcore/index.html]
[cf-images.us-east-1.prod.boltdns.net/v1/static/6055873627001/fa6b2c4c-32f8-4f36-90dd-65b4d56094d9/aa642bcc-26a9-4e6a-8595-066e24e627b6/640x360/m/image.111.delaye]
[dj5m678t9f52c.cloudfront.net/app/uploads/2016/02/01203034/MYW-200x545-journey-series-heartopeningchallenge.jpg]
[yogaworks.com/digital/video/anytime-practice/index.html]
[cf-images.us-east-1.prod.boltdns.net/v1/static/6055873627001/d8c0d742-c82a-4d18-85ba-27a1f3c77d3f/ed1a57c1-f3e3-4840-ae2f-d0a0917144f0/640x360/m/image.112.delaye]
[yogaworks.com/digital/video/twisting-detox/index.html]
[cf-images.us-east-1.prod.boltdns.net/v1/static/6055873627001/645a6ea6-f48c-4cf6-83e4-7e0ec87cc1e8/94ce9799-8761-444f-a796-104e169c76f2/640x360/m/image.113.delaye]
[yogaworks.com/digital/video/lower-body-booster/index.html]
[cf-images.us-east-1.prod.boltdns.net/v1/static/6055873627001/9344ce62-e373-44da-a9d8-b5200c4a3458/13c484c7-1646-496a-8246-1002cce3303a/640x360/m/image.115.delaye]
[yogaworks.com/digital/video/45-minute-well-balanced-flow/index.html]
[cf-images.us-east-1.prod.boltdns.net/v1/static/6055873627001/5810561a-b2af-4f09-9098-620edc652b86/44d02dd7-3113-44f7-901e-8b7d0efe8806/640x360/m/image.116.delaye]
[cf-images.us-east-1.prod.boltdns.net/v1/jit/6055873627001/755729f6-9e8b-49ee-8c2e-5514f8a3f13b/main/1280x720/5m13s429ms/match/image.jpg]
[yogaworks.com/digital/video/early-am-flow/index.html]
[cf-images.us-east-1.prod.boltdns.net/v1/static/6055873627001/5e1e7fec-6df3-48db-95ae-55cb8fafd049/d031fd00-503a-4e2d-8fb0-e1de99ab8923/640x360/m/image.117.delaye]
[yogaworks.com/digital/video/plank-challenge/index.html]
[cf-images.us-east-1.prod.boltdns.net/v1/static/6055873627001/78fbbe4c-0e3d-4107-8ec1-1ae016a5f793/ffa20ac2-7949-4f9b-b751-7bfdf4c03fe9/640x360/m/image.118.delaye]
[yogaworks.com/digital/video/just-bs/index.html]
[cf-images.us-east-1.prod.boltdns.net/v1/static/6055873627001/0eb703ae-a86d-46a1-b562-d413fc26d478/90190474-ef8b-4111-894e-0bb2c4b9c312/640x360/m/image.119.delaye]
[dj5m678t9f52c.cloudfront.net/app/uploads/2015/12/09231949/MYWteachers_DaniIbarra.jpg]
[yogaworks.com/digital/video/upper-body-into-crow/index.html]
[yogaworks.com/digital/video/core-burn/index.html]
[cf-images.us-east-1.prod.boltdns.net/v1/static/6055873627001/d0f1ff1a-1cff-4eb6-bfe0-be29a74a71d7/ef67bcc0-b982-4f99-a9fc-31039f022c37/640x360/m/image.11a.delaye]
[cf-images.us-east-1.prod.boltdns.net/v1/static/6055873627001/84444e9f-def1-4f05-8185-d80fb466c4ad/04ea4b26-f82e-4f83-b258-c36779d9b774/640x360/m/image.11b.delaye]
[yogaworks.com/digital/video/quick-challenging-flow/index.html]
[cf-images.us-east-1.prod.boltdns.net/v1/static/6055873627001/8b5d2d9c-9584-40b2-8b42-62736209ffb5/7b49a30d-7b09-4f4a-b435-85390d64a403/1280x720//image.11c.delaye]
[dj5m678t9f52c.cloudfront.net/app/uploads/2015/12/09232003/MYW-teachers_LesleyFightmaster.jpg]
[yogaworks.com/digital/video/fit-flow/index.html]
[yogaworks.com/digital/video/hip-opening-flow/index.html]
[cf-images.us-east-1.prod.boltdns.net/v1/static/6055873627001/471b0f8f-36b4-49bf-bf96-9566fb831fb1/b43609f5-46b8-453b-8942-6daa87104bf3/640x360/m/image.11d.delaye]
[cf-images.us-east-1.prod.boltdns.net/v1/static/6055873627001/02264183-ef35-4cc7-b284-4dff82c31ac2/18df2c6b-a7f6-4c5e-ac5c-a2c0d2e1c08d/640x360/m/image.11e.delaye]
[yogaworks.com/digital/video/core-and-more-core/index.html]
[cf-images.us-east-1.prod.boltdns.net/v1/jit/6055873627001/0add5e88-8d6a-488e-ac74-b4b6de68bf97/main/1280x720/17m52s437ms/match/image.12c.delayed]
[cf-images.us-east-1.prod.boltdns.net/v1/static/6055873627001/a4a00ef7-9a0a-4fc2-b120-bc5dba257a8f/d9532fad-27e8-4978-881c-4f06b7b28283/640x360/m/image.11f.delaye]
[yogaworks.com/digital/video/30-minute-cardio/index.html]
[cf-images.us-east-1.prod.boltdns.net/v1/static/6055873627001/85f1e68b-7158-4cb0-b6bb-f7015fa35f09/c97cdf89-dea6-49be-a4eb-cef74ccdd30a/640x360/m/image.120.delaye]
[yogaworks.com/digital/video/lower-body-tone/index.html]
[cf-images.us-east-1.prod.boltdns.net/v1/static/6055873627001/b9192ab9-60e6-4f3a-bb1e-e34b951c71be/31d69541-ded6-4b46-9572-ca0c58203192/640x360/m/image.122.delaye]
[yogaworks.com/digital/video/pigeons-eagles-and-crows/index.html]
[cf-images.us-east-1.prod.boltdns.net/v1/jit/6055873627001/f99dbe68-6921-4a30-b35b-cbe1b0a2fb19/main/1280x720/20m11s211ms/match/image.jpg]
[cf-images.us-east-1.prod.boltdns.net/v1/static/6055873627001/cbbcfb1e-f98f-44c4-9120-7a3038a3d226/4653d934-10c3-4652-8521-0cacef669fd9/640x360/m/image.127.delaye]
[yogaworks.com/digital/video/side-body-flow/index.html]
[yogaworks.com/digital/video/lengthen-and-strengthen/index.html]
[cf-images.us-east-1.prod.boltdns.net/v1/jit/6055873627001/b8dd191b-0f05-414a-a427-9f9239bdbe13/main/1280x720/21m19s669ms/match/image.jpg]
[yogaworks.com/digital/video/yoga-for-stress-relief/index.html]
[cf-images.us-east-1.prod.boltdns.net/v1/static/6055873627001/5e87750e-32fc-40d8-a4d2-4fb0ddceb6b6/d4ed4084-7309-4548-aa6c-5984e7393965/640x360/m/image.129.delaye]
[yogaworks.com/digital/video/20-minute-detox/index.html]
[cf-images.us-east-1.prod.boltdns.net/v1/static/6055873627001/fab4c149-cf09-4248-bce1-3be13c6e1e28/25847cca-54dd-4ac9-a5a1-f303b3e60900/640x360/m/image.12a.delaye]
[cf-images.us-east-1.prod.boltdns.net/v1/static/6055873627001/a8b4ae95-e251-4c1b-aa99-9d8b96c683ca/58fded33-6730-4f0a-97c6-2fd06f00d236/640x360/m/image.12b.delaye]
[dj5m678t9f52c.cloudfront.net/app/uploads/2015/12/09231954/MYWteachers_HeatherSeiniger.jpg]
[yogaworks.com/digital/journey/heart-opening/index.html]
[yogaworks.com/digital/video/shoulder-flow/index.html]
[yogaworks.com/digital/video/beginners-balance/index.html]
[cf-images.us-east-1.prod.boltdns.net/v1/static/6055873627001/c7aebefc-73c9-4491-86a5-96b5cc998480/242bb1d6-8893-437b-ad82-bfcd2a797d63/640x360/m/image.12d.delaye]
[yogaworks.com/digital/video/free-your-spine/index.html]
[yogaworks.com/digital/video/steady-flow/index.html]
[cf-images.us-east-1.prod.boltdns.net/v1/static/6055873627001/6a87c5f9-29af-479c-ab1b-ce94fde13f47/beebc6f6-f948-4773-9d74-d405bc1f8e7c/640x360/m/image.12f.delaye]
[dj5m678t9f52c.cloudfront.net/app/uploads/2015/12/09232624/jsherocore.jpg]
[cf-images.us-east-1.prod.boltdns.net/v1/static/6055873627001/421f908b-ee1a-46aa-be46-ac9e53c1e40e/5cb1bf39-cc04-4e41-9210-374d8230ff73/640x360/m/image.130.delaye]
[yogaworks.com/digital/video/sweet-release/index.html]
[yogaworks.com/digital/video/refresh-yourself/index.html]
[cf-images.us-east-1.prod.boltdns.net/v1/static/6055873627001/6f876a7f-d41d-4279-bfad-08aa2011f7a0/7443ca5a-e13a-48a3-92ed-2e4b45190530/640x360/m/image.131.delaye]
[yogaworks.com/digital/video/tune-into-yourself/index.html]
[cf-images.us-east-1.prod.boltdns.net/v1/static/6055873627001/564e79ef-abc2-4447-ad2b-91e593d17c97/20a0f118-39ee-4442-b08d-49884af01e05/640x360/m/image.132.delaye]
[yogaworks.com/digital/video/rooted-and-radiant/index.html]
[cf-images.us-east-1.prod.boltdns.net/v1/static/6055873627001/44fa1160-854b-4ad6-bc7a-3dc522c035a2/4501e42d-89ec-4cc4-b58f-ebdf7d82b968/640x360/m/image.133.delaye]
[yogaworks.com/digital/video/simple-not-easy/index.html]
[cf-images.us-east-1.prod.boltdns.net/v1/static/6055873627001/e17a1173-d3af-451c-9945-150e1b2abc2c/0e01e240-8a22-49c6-91d2-e7a6c69f04b3/640x360/m/image.134.delaye]
[dj5m678t9f52c.cloudfront.net/app/uploads/2015/12/09231947/MYWteachers_ChelseyKorus.jpg]
[yogaworks.com/digital/video/flowing-heart/index.html]
[yogaworks.com/digital/journey/core/index.html]
[cf-images.us-east-1.prod.boltdns.net/v1/static/6055873627001/c621eea5-03b4-43e2-b89d-40e7546f1c40/3bd1a093-e599-4059-a0ae-a2691ef8a1e7/640x360/m/image.135.delaye]
[yogaworks.com/digital/video/cardio-flow/index.html]
[cf-images.us-east-1.prod.boltdns.net/v1/static/6055873627001/286cae5b-1f62-44dd-9d62-ab5317e569c6/134037ce-2d51-40ab-8648-6db266435877/640x360/m/image.136.delaye]
[yogaworks.com/digital/video/authentic-self/index.html]
[cf-images.us-east-1.prod.boltdns.net/v1/static/6055873627001/1be8f728-28d2-4270-84e3-a81f4994e962/eed1a101-8df2-43e3-ae72-0aeada132791/640x360/m/image.137.delaye]
[dj5m678t9f52c.cloudfront.net/app/uploads/2015/12/09232615/jsherochakras.jpg]
[yogaworks.com/digital/video/heart-core-flow/index.html]
[yogaworks.com/digital/video/time-to-move/index.html]
[yogaworks.com/digital/journey/chakras/index.html]
[cf-images.us-east-1.prod.boltdns.net/v1/static/6055873627001/fda4ca36-b769-4773-9a74-e3d19ded56c1/3c6afe99-66a5-4491-8d6d-42da293ef4da/640x360/m/image.139.delaye]
[yogaworks.com/digital/video/heart-healing-flow/index.html]
[cf-images.us-east-1.prod.boltdns.net/v1/static/6055873627001/f2332d69-01dd-4ef6-83b4-bf927a8f23f1/bc020f2e-506b-464e-8083-3717c5526a70/640x360/m/image.138.delaye]
[cf-images.us-east-1.prod.boltdns.net/v1/static/6055873627001/c5fe583f-3040-4b89-b15f-d64146824ac0/39a13be9-dedb-41a4-be79-8e633fa84a32/640x360/m/image.13a.delaye]
[dj5m678t9f52c.cloudfront.net/app/uploads/2015/12/09232623/jsherobakasana.jpg]
[cf-images.us-east-1.prod.boltdns.net/v1/static/6055873627001/228eaa3e-318a-4c81-b44a-2a92799bd05b/ac8074f5-a0c6-4ae2-bd6e-2721e22075bd/640x360/m/image.13b.delaye]
[yogaworks.com/digital/video/full-body-burn/index.html]
[cf-images.us-east-1.prod.boltdns.net/v1/static/6055873627001/361e1f35-d86b-4198-b353-f7da4afca1af/adfb6ade-4dd9-4c88-b3c3-0815675c642a/640x360/m/image.13c.delaye]
[yogaworks.com/digital/journey/bakasana/index.html]
[yogaworks.com/digital/video/open-hips-open-heart/index.html]
[cf-images.us-east-1.prod.boltdns.net/v1/static/6055873627001/4228edf1-4f4e-460d-a54a-b04d96e4786f/a4e2e3ee-3f23-4eb3-9144-5eca7b7c30eb/640x360/m/image.13d.delaye]
[yogaworks.com/digital/video/anahata-chakra-flow/index.html]
[cf-images.us-east-1.prod.boltdns.net/v1/static/6055873627001/b51ab56d-f752-4949-b37a-5240e8b720a4/af9316a3-99cc-4e2e-9fb1-a7159c8aff27/640x360/m/image.13e.delaye]
[yogaworks.com/digital/video/power-yoga-2/index.html]
[dj5m678t9f52c.cloudfront.net/app/uploads/2015/12/09232630/jsherohandstandpincha.jpg]
[yogaworks.com/digital/video/hip-and-heart-flow/index.html]
[yogaworks.com/digital/video/empower-yourself/index.html]
[yogaworks.com/digital/video/well-rounded-shoulder-and-heart-opening-sequence/index.html]
[cf-images.us-east-1.prod.boltdns.net/v1/static/6055873627001/ba46418a-08ac-4817-844e-c30fd72c8efa/e83e3c91-3026-4534-ac88-1e6437747373/640x360/m/image.140.delaye]
[yogaworks.com/digital/video/fast-flow/index.html]
[yogaworks.com/digital/journey/handstand/index.html]
[cf-images.us-east-1.prod.boltdns.net/v1/static/6055873627001/8a564ea2-0cde-491e-880b-6f6ac868b5eb/74bf59a3-2618-4850-8656-32e63ab6d21a/640x360/m/image.141.delaye]
[cf-images.us-east-1.prod.boltdns.net/v1/static/6055873627001/8c80c957-9dec-4c28-84ab-691970322095/8d445316-3112-4e2b-a292-0aa82d12abb8/640x360/m/image.142.delaye]
[yogaworks.com/digital/video/ill-bend-over-backwards-for-you/index.html]
[cf-images.us-east-1.prod.boltdns.net/v1/static/6055873627001/53f6f5f3-e1f4-4e51-9d47-e9bcc1f91261/6cded107-bfce-4852-875a-df69c9463e5a/640x360/m/image.143.delaye]
[cf-images.us-east-1.prod.boltdns.net/v1/static/6055873627001/3828f74c-4b9f-4156-b87e-49bb864bde67/5b9dfb74-0aa9-4211-a861-dc62687e1c8c/640x360/m/image.145.delaye]
[yogaworks.com/digital/video/flow-to-urdhva-dhanurasana/index.html]
[yogaworks.com/digital/video/taming-the-pigeon/index.html]
[cf-images.us-east-1.prod.boltdns.net/v1/static/6055873627001/ed282793-8807-4e9a-8d81-9c2e80fc9bb2/ca41fe28-f9ff-4b79-b863-c79647bc395c/640x360/m/image.146.delaye]
[dj5m678t9f52c.cloudfront.net/app/uploads/2015/12/09232627/jsheroofficeyoga.jpg]
[yogaworks.com/digital/video/spine-tonic-flow/index.html]
[yogaworks.com/digital/journey/office-yoga/index.html]
[yogaworks.com/digital/video/10-minute-beginner-core/index.html]
[cf-images.us-east-1.prod.boltdns.net/v1/static/6055873627001/4eee3cd7-169a-4365-9dfd-369225adc618/86805813-3f51-4a5e-9cd6-9137ae5eab11/640x360/m/image.149.delaye]
[yogaworks.com/digital/video/around-the-world/index.html]
[cf-images.us-east-1.prod.boltdns.net/v1/static/6055873627001/8ab4602a-2fd9-45f6-a192-7b4c9caec23c/14bd1522-5583-4cf0-832f-f76d78a730b3/640x360/m/image.14a.delaye]
[yogaworks.com/digital/video/quick-core/index.html]
[cf-images.us-east-1.prod.boltdns.net/v1/static/6055873627001/d1dbe2b9-26b2-4a42-bc24-82bfa37d452e/16a94eaa-a79f-4cc5-9393-fc84636e2e57/640x360/m/image.14b.delaye]
[cf-images.us-east-1.prod.boltdns.net/v1/static/6055873627001/cdc48740-5384-4364-9b1b-f047ae83355c/dfe94290-b381-47ce-92f9-7bc7fd3be093/640x360/m/image.14c.delaye]
[yogaworks.com/digital/video/10-minute-core/index.html]
[yogaworks.com/app/uploads/2015/08/jsheroyoga101.jpg]
[cf-images.us-east-1.prod.boltdns.net/v1/static/6055873627001/88ea505d-bb0a-4b21-b6f1-df7d9c221b67/4ef444ef-30e7-4406-8971-deaf226a1ed2/640x360/m/image.14d.delaye]
[yogaworks.com/digital/video/360-degree-core/index.html]
[cf-images.us-east-1.prod.boltdns.net/v1/static/6055873627001/0635d764-ea5e-4e7c-8279-9f09f1ceae05/3b1666dc-4a28-45ee-9866-a9616f91766e/1280x720//image.14e.delaye]
[yogaworks.com/digital/journey/yoga-101/index.html]
[yogaworks.com/digital/video/awaken-your-core/index.html]
[cf-images.us-east-1.prod.boltdns.net/v1/static/6055873627001/0bd0fd17-4794-45d7-93f9-edf03291ab5c/1da9195a-7741-4778-b4ba-cfe25ebf2722/640x360/m/image.14f.delaye]
[yogaworks.com/digital/video/magic-carpet-ride/index.html]
[yogaworks.com/digital/video/core-strengthener/index.html]
[cf-images.us-east-1.prod.boltdns.net/v1/static/6055873627001/2bcb1e44-2df5-478a-8c20-3dd0ff2495dd/02b7441a-1cc3-408d-8e14-909109b7d00d/640x360/m/image.151.delaye]
[dj5m678t9f52c.cloudfront.net/app/uploads/2015/12/09232625/jsheromeditationjourney.jpg]
[cf-images.us-east-1.prod.boltdns.net/v1/static/6055873627001/a81c5bdb-dc23-4520-9d6e-d1165272254a/114729c6-7826-4a21-b230-7996f4d9f3d6/640x360/m/image.152.delaye]
[yogaworks.com/digital/video/core-without-crunches/index.html]
[yogaworks.com/digital/video/killer-core/index.html]
[yogaworks.com/digital/journey/meditation-journey/index.html]
[yogaworks.com/digital/video/intense-core/index.html]
[cf-images.us-east-1.prod.boltdns.net/v1/static/6055873627001/c90e5bf5-8e0a-436d-a13d-e8531c839e70/107415a9-8252-49bd-8740-883657c2d722/640x360/m/image.153.delaye]
[cf-images.us-east-1.prod.boltdns.net/v1/static/6055873627001/07dd50a3-b487-4749-b8bb-35ed63727019/34634369-de76-4db6-8c20-8683ab8372db/640x360/m/image.156.delaye]
[cf-images.us-east-1.prod.boltdns.net/v1/static/6055873627001/2ad93516-9fdc-469b-9ff8-da5692500c91/85e2573d-63a0-43bd-a229-6d40a9416e13/640x360/m/image.157.delaye]
[cf-images.us-east-1.prod.boltdns.net/v1/static/6055873627001/7abff8d8-c59a-40d1-a2c0-5e6d8a7489e0/c460c510-b718-4b06-91ce-ade50c0ef424/640x360/m/image.158.delaye]
[dj5m678t9f52c.cloudfront.net/app/uploads/2022/10/17235723/Vinyasa-Tile-min.jpg]
[yogaworks.com/digital/video/sacral-chakra-flow/index.html]
[yogaworks.com/digital/video/root-chakra-flow/index.html]
[yogaworks.com/vinyasa-yoga/index.html]
[cf-images.us-east-1.prod.boltdns.net/v1/static/6055873627001/d6d64e9d-4c82-495d-8d2c-2351772df1fe/188852f2-4d03-406f-9905-223d8a0d1096/640x360/m/image.159.delaye]
[cf-images.us-east-1.prod.boltdns.net/v1/static/6055873627001/45789b57-36c0-4792-80db-1a893b0b06ff/be2a4139-efa1-4afe-8107-4b46018d5cbb/640x360/m/image.15a.delaye]
[yogaworks.com/digital/video/vishuddha-chakra-flow/index.html]
[yogaworks.com/digital/video/manipura-chakra-flow/index.html]
[dj5m678t9f52c.cloudfront.net/app/uploads/2022/10/18000006/YogaWorks-Tile-min.jpg]
[cf-images.us-east-1.prod.boltdns.net/v1/static/6055873627001/bdb37a67-a839-4a94-9bd4-617d1c140809/ddcfce10-9eeb-4be6-8ae6-b2ac896ef362/640x360/m/image.15b.delaye]
[yogaworks.com/digital/video/sahasrara-chakra-flow/index.html]
[yogaworks.com/yogaworks-yoga/index.html]
[yogaworks.com/digital/video/ajna-chakra-flow/index.html]
[cf-images.us-east-1.prod.boltdns.net/v1/static/6055873627001/2e5711ec-fb14-47d7-b563-521054565bbc/e6318fd1-23ea-4f30-afd3-e7a3eb43a469/640x360/m/image.15e.delaye]
[cf-images.us-east-1.prod.boltdns.net/v1/static/6055873627001/e21c1394-0068-4cb2-b81f-0be3549d5bfd/227aa07f-6888-46ca-869d-1086ef2cbb40/640x360/m/image.15f.delaye]
[yogaworks.com/digital/video/get-set-for-flight-in-crow-pose/index.html]
[yogaworks.com/digital/video/step-by-step-bakasana/index.html]
[cf-images.us-east-1.prod.boltdns.net/v1/static/6055873627001/8cee2663-f087-4f7f-bee9-b376f51773fe/598a94ab-b6c3-4d85-af38-5c1466cccd37/640x360/m/image.160.delaye]
[dj5m678t9f52c.cloudfront.net/app/uploads/2022/10/18000151/Iyengar-Tile-min.jpg]
[yogaworks.com/digital/video/bakasana/index.html]
[cf-images.us-east-1.prod.boltdns.net/v1/static/6055873627001/2a4e9d4f-66d1-4616-a604-6af71515cd2d/f5104fe3-3baf-472b-8e7f-22e23cb388fc/640x360/m/image.161.delaye]
[yogaworks.com/iyengar-yoga/index.html]
[cf-images.us-east-1.prod.boltdns.net/v1/static/6055873627001/267c91bb-4749-40d8-b638-b6bf8e885f20/bfbdb7db-d460-496a-bc17-c70e7b437848/640x360/m/image.162.delaye]
[cf-images.us-east-1.prod.boltdns.net/v1/static/6055873627001/f1a6e7a1-4dee-4372-9670-c0d5e7c3749b/cbd50f7e-24bf-4e39-b253-ca554833a620/640x360/m/image.163.delaye]
[yogaworks.com/digital/video/bakasana-prep/index.html]
[cf-images.us-east-1.prod.boltdns.net/v1/static/6055873627001/3871eb2c-21a4-4000-b189-6895b7433ecb/72db4e9f-6bc1-40f5-8132-32be48db1da6/640x360/m/image.164.delaye]
[dj5m678t9f52c.cloudfront.net/app/uploads/2022/10/18000314/Restorative-Tile-min.jpg]
[yogaworks.com/restorative-yoga/index.html]
[yogaworks.com/digital/video/fly-crow-fly/index.html]
[yogaworks.com/digital/video/bakasana-breakdown/index.html]
[cf-images.us-east-1.prod.boltdns.net/v1/static/6055873627001/aec5d45b-9fb0-42e1-9b5d-9b93ef491fc9/51960fec-e5eb-44d1-8b5b-a9962358470c/640x360/m/image.165.delaye]
[yogaworks.com/digital/video/crow-takes-flight/index.html]
[dj5m678t9f52c.cloudfront.net/app/uploads/2022/10/18000410/Yin-Tile-min.jpg]
[cf-images.us-east-1.prod.boltdns.net/v1/static/6055873627001/ce3a04f1-2053-49d7-9636-334a4b38fd71/f1c7f6b3-8b1d-421b-861e-a8bd654085e0/640x360/m/image.166.delaye]
[yogaworks.com/digital/video/down-dog-to-bakasana/index.html]
[yogaworks.com/digital/video/bakasana-to-chaturanga/index.html]
[yogaworks.com/yin-yoga/index.html]
[yogaworks.com/api/wp/getjourneysinglevideo.html]
[yogaworks.com/digital/video/bakasana-to-tripod/index.html]
[yogaworks.com/api/wp/getondemandsinglevideo.html]
[cf-images.us-east-1.prod.boltdns.net/v1/static/6055873627001/842cd60c-443c-40db-a3c2-04fb873ce4b3/04dca5d3-55af-43a0-939c-4fe7a6319da4/640x360/m/image.167.delaye]
[cf-images.us-east-1.prod.boltdns.net/v1/static/6055873627001/6c36b295-1a19-4e7b-b1a8-2ceab2219270/ff1193e9-5234-4e98-aa3b-2d78a45143ad/640x360/m/image.168.delaye]
[cf-images.us-east-1.prod.boltdns.net/v1/static/6055873627001/d57eac9d-2066-41a4-b0e2-26b5b5ea78b8/8da4ef43-77a9-4f68-a95e-084300a61440/640x360/m/image.169.delaye]
[yogaworks.com/digital/video/index.html]
[yogaworks.com/login/index.html]
[yogaworks.com/digital/video/flow-to-twisting-crow/index.html]
[cf-images.us-east-1.prod.boltdns.net/v1/static/6055873627001/d90ba51c-2c8f-4f21-8b80-15c30fff88c8/f5f98033-7107-42eb-863d-8af607682db4/640x360/m/image.16a.delaye]
[cf-images.us-east-1.prod.boltdns.net/v1/static/6055873627001/1b531003-5c37-40b4-b240-0241699efb8d/dd221693-39bb-4b98-9227-0164a164c602/640x360/m/image.16b.delaye]
[yogaworks.com/digital/video/bakasana-2/index.html]
[yogaworks.com/digital/video/eka-pada-bakasana-tutorial/index.html]
[cf-images.us-east-1.prod.boltdns.net/v1/static/6055873627001/d30829ba-2e7b-4131-8de1-177f3129ad04/2797b42d-1304-401a-973f-463678fc6dc1/640x360/m/image.16e.delaye]
[yogaworks.com/digital/video/meet-down-dog/index.html]
[yogaworks.com/wp/wp-includes/fonts/dashicons7d4b.eot]
[yogaworks.com/digital/video/eka-pada-bakasana/index.html]
[yogaworks.com/digital/video/meet-puppy-dog/index.html]
[cf-images.us-east-1.prod.boltdns.net/v1/static/6055873627001/8ccb93b0-ee19-4e7d-8bcf-d1e9e86c15ef/f43a7749-9d7e-404a-b783-2c43e00f15e6/640x360/m/image.16f.delaye]
[yogaworks.com/wp/wp-includes/fonts/dashicons7d4b.ttf]
[yogaworks.com/wp/wp-includes/css/dashicons.mina78f.css]
[cf-images.us-east-1.prod.boltdns.net/v1/static/6055873627001/62591ff8-d154-4ebd-8db2-3db46f139b2e/28ff40a4-0a76-480d-a31f-afc526adf0e2/640x360/m/image.170.delaye]
[yogaworks.com/digital/video/vinyasa-plank-to-down-dog/index.html]
[cf-images.us-east-1.prod.boltdns.net/v1/static/6055873627001/5f7ac8b9-4840-4b90-aace-cd31900f2197/015ea541-0f35-402b-be0f-37c5b08ea640/640x360/m/image.171.delaye]
[yogaworks.com/digital/video/meet-surya-a/index.html]
[cf-images.us-east-1.prod.boltdns.net/v1/static/6055873627001/d393c99e-1cea-4e7b-afb1-e77f533f9b49/0a77966d-aaa1-4eae-a64e-091b4fbbc997/1280x720//image.172.delaye]
[yogaworks.com/app/plugins/ninja-forms/assets/img/help-info.png]
[yogaworks.com/app/plugins/ninja-forms/assets/css/display-opinions-lighta78f.css]
[cf-images.us-east-1.prod.boltdns.net/v1/static/6055873627001/8bf185f7-1908-468e-87c8-b2381fcbf108/1b31bde8-9c0f-4e49-89e7-8d4bb875fb1f/640x360/m/image.173.delaye]
[yogaworks.com/digital/video/how-to-do-chaturanga/index.html]
[yogaworks.com/digital/video/shoulder-openers/index.html]
[cf-images.us-east-1.prod.boltdns.net/v1/static/6055873627001/26747146-38d9-4611-9c6b-65114e29f39f/99311389-6a1c-495f-a28c-64a59418d5e1/640x360/m/image.174.delaye]
[yogaworks.com/app/plugins/ninja-forms/assets/fonts/fontawesome-webfont3295.eot]
[cf-images.us-east-1.prod.boltdns.net/v1/static/6055873627001/6eb57ff9-6f6e-4e99-857d-e6043955bc5f/fa2679b6-1cf3-4809-96b3-c325f03a8648/1280x720//image.175.delaye]
[yogaworks.com/app/plugins/ninja-forms/assets/fonts/fontawesome-webfontd41d.eot]
[yogaworks.com/app/plugins/ninja-forms/assets/fonts/fontawesome-webfont3295.woff]
[yogaworks.com/digital/video/practice-handstand/index.html]
[yogaworks.com/digital/video/pincha-mayurasana/index.html]
[yogaworks.com/app/plugins/ninja-forms/assets/fonts/fontawesome-webfont3295.ttf]
[yogaworks.com/digital/video/computer-blues/index.html]
[cf-images.us-east-1.prod.boltdns.net/v1/static/6055873627001/811e4642-0421-4b8b-b21c-592f5092127d/389ff2af-484d-4109-a88b-89537fc14ec1/640x360/m/image.178.delaye]
[cf-images.us-east-1.prod.boltdns.net/v1/static/6055873627001/414aac57-a8d2-42b2-b914-9ebcf5b8cd49/299dcfe0-c85c-408c-ae06-c07164a2f3d8/640x360/m/image.179.delaye]
[yogaworks.com/app/plugins/ninja-forms/assets/css/font-awesome.mina78f.css]
[cf-images.us-east-1.prod.boltdns.net/v1/static/6055873627001/c099eecb-4c1d-47e2-8e28-91c28d7f7e69/c8918615-02e7-4c79-b70a-cddb4ef188f0/640x360/m/image.17a.delaye]
[yogaworks.com/digital/video/hard-core-business/index.html]
[cf-images.us-east-1.prod.boltdns.net/v1/static/6055873627001/52f6a9d0-370c-43a9-a12d-bc02d2b31a30/c668cb13-df67-4dcb-8ecf-ae0be5dba15e/640x360/m/image.17b.delaye]
[yogaworks.com/digital/video/office-lower-back-relief/index.html]
[yogaworks.com/app/themes/yogaathome/assets/images/logo-without-text.svg]
[yogaworks.com/digital/video/2pm-slump/index.html]
[yogaworks.com/indexde0b.html]
[cf-images.us-east-1.prod.boltdns.net/v1/static/6055873627001/db4b52a8-66bd-4a09-829e-1c49913f504f/3b2685e2-2706-4a33-866e-0efe2e65494c/640x360/m/image.17c.delaye]
[cf-images.us-east-1.prod.boltdns.net/v1/static/6055873627001/514e65e8-5667-463b-9f01-20239b2a4fc2/8549ab04-becb-487e-a874-0b338df13c69/640x360/m/image.17d.delaye]
[yogaworks.com/digital/video/powerful-pause/index.html]
[yogaworks.com/dist/js/app.html]
[yogaworks.com/Trident/index.html]
[yogaworks.com/apps/index.html]
[cf-images.us-east-1.prod.boltdns.net/v1/static/6055873627001/1e2b52b5-4ec0-46a5-9c6e-b693bb076b82/ad38f0df-15ee-465f-ac7b-fb3c5950a480/640x360/m/image.17e.delaye]
[yogaworks.com/digital/video/office-unwind/index.html]
[yogaworks.com/app/index.html]
[cf-images.us-east-1.prod.boltdns.net/v1/static/6055873627001/c716d8b3-90ce-4f53-88ef-52569c7d68b7/90e516cd-b12b-4f53-a4ac-636a1e16428f/640x360/m/image.17f.delaye]
[yogaworks.com/indexdca0.html]
[yogaworks.com/digital/video/cubicle-cat-cow/index.html]
[yogaworks.com/digital/video/office-yoga-stretch/index.html]
[yogaworks.com/digital/video/yoga-break/index.html]
[cf-images.us-east-1.prod.boltdns.net/v1/static/6055873627001/ba344bbe-fb36-426d-b0b7-10cedf975028/0aad0cbd-aee0-4367-b217-c12030297e46/640x360/m/image.180.delaye]
[yogaworks.com/digital/video/stretch-your-seat/index.html]
[cf-images.us-east-1.prod.boltdns.net/v1/static/6055873627001/542f6ac8-fef6-45dd-b761-8f7fa88352af/eea5fb52-4007-4a15-9751-52591002dd3f/640x360/m/image.183.delaye]
[yogaworks.com/digital/video/meet-vira-2-side-angle/index.html]
[yogaworks.com/app/themes/yogaathome/dist/images/checkbox-unchecked-sm.svg]
[cf-images.us-east-1.prod.boltdns.net/v1/static/6055873627001/c66981bb-b677-47ea-b456-9dae95553b08/184017fa-0191-4d6a-94b8-5052ee326a64/640x360/m/image.184.delaye]
[cf-images.us-east-1.prod.boltdns.net/v1/static/6055873627001/b674bda3-6af3-4998-a56f-933f10b40286/a82844d9-6a35-458e-82b0-fc3309851246/640x360/m/image.185.delaye]
[yogaworks.com/digital/video/quick-beginners-detox/index.html]
[yogaworks.com/digital/video/meet-trikonasana/index.html]
[cf-images.us-east-1.prod.boltdns.net/v1/static/6055873627001/15fa6990-df31-4c66-a035-1831ef3fa855/8c172cca-020a-4ba3-9b27-a5411eb266ff/640x360/m/image.186.delaye]
[yogaworks.com/digital/video/easy-flow/index.html]
[cf-images.us-east-1.prod.boltdns.net/v1/static/6055873627001/efded9f3-87e6-46e0-8db5-c18dc5d3189f/c98708a0-f305-4617-b672-a0f08728ef45/640x360/m/image.187.delaye]
[yogaworks.com/digital/video/meet-vira-1/index.html]
[yogaworks.com/digital/video/meet-surya-b/index.html]
[yogaworks.com/digital/video/core-centering/index.html]
[cf-images.us-east-1.prod.boltdns.net/v1/static/6055873627001/ef2954fb-f13f-4f91-8b9d-3d3846773fbc/fee343a9-8489-4d37-a1b3-2f006e6ca379/640x360/m/image.188.delaye]
[yogaworks.com/digital/video/meet-surya-a-b/index.html]
[yogaworks.com/digital/video/relax-deeply-2/index.html]
[cf-images.us-east-1.prod.boltdns.net/v1/static/6055873627001/5028de45-f2ce-49db-ad4f-f59cbeb1231c/7c327cce-ff6d-4e83-a08a-92372047800e/640x360/m/image.189.delaye]
[yogaworks.com/digital/video/restoratives/index.html]
[yogaworks.com/digital/video/new-to-2/index.html]
[yogaworks.com/digital/video/meet-forward-bends/index.html]
[cf-images.us-east-1.prod.boltdns.net/v1/static/6055873627001/cf82f83b-c90d-4e17-8f89-b292a7b6a306/a5a1dd31-1977-4045-87c3-814396004596/640x360/m/image.18a.delaye]
[yogaworks.com/digital/video/better-than-coffee/index.html]
[cf-images.us-east-1.prod.boltdns.net/v1/static/6055873627001/f872eb30-f891-4de8-a8e6-9f2e02cdf313/a7e5f3c0-6820-4828-8d58-e423fe4b0196/640x360/m/image.18b.delaye]
[yogaworks.com/digital/video/meet-backbends/index.html]
[yogaworks.com/digital/video/mini-detox/index.html]
[yogaworks.com/digital/video/meet-twists/index.html]
[yogaworks.com/digital/video/dancing-flow-warrior-series/index.html]
[cf-images.us-east-1.prod.boltdns.net/v1/static/6055873627001/78b680ba-7964-4653-961d-05ec3195d3ab/e8177fb1-2cde-4863-8c9d-b6ef8429a7ee/640x360/m/image.18d.delaye]
[yogaworks.com/digital/video/meet-headstand/index.html]
[yogaworks.com/digital/video/begin-to-flow/index.html]
[yogaworks.com/digital/video/explore-your-core/index.html]
[cf-images.us-east-1.prod.boltdns.net/v1/static/6055873627001/88c96f47-bd33-43ad-b50a-3e2c176387f4/9432da41-9223-4ad5-9cc4-989497691bb0/640x360/m/image.18e.delaye]
[yogaworks.com/digital/video/simple-gentle-beginners/index.html]
[yogaworks.com/digital/video/leading-to-meditation/index.html]
[yogaworks.com/digital/video/work-toward-meditation/index.html]
[cf-images.us-east-1.prod.boltdns.net/v1/static/6055873627001/ba898706-1a6a-454b-a631-7e62e119cbae/16797f93-f597-4520-b559-34bf71939ddf/640x360/m/image.191.delaye]
[cf-images.us-east-1.prod.boltdns.net/v1/static/6055873627001/5c45e041-0494-46a9-b5c3-e8e0aada4cb8/28833864-989d-458d-a42e-328321bff5eb/640x360/m/image.192.delaye]
[yogaworks.com/digital/video/my-favorite-30-min-sequence/index.html]
[yogaworks.com/digital/video/sanctuary/index.html]
[cf-images.us-east-1.prod.boltdns.net/v1/static/6055873627001/b792aafa-6200-49bc-bf88-bc6cc25308f5/1dd8fa78-0df5-4bf3-b707-653cfa6cb4db/640x360/m/image.193.delaye]
[cf-images.us-east-1.prod.boltdns.net/v1/static/6055873627001/c9ffe5df-4c5f-4524-a50a-fab68c18e638/e3d48dda-4757-484c-b323-0e1c072b595b/640x360/m/image.194.delaye]
[yogaworks.com/digital/video/power-yoga-60-min-flow/index.html]
[yogaworks.com/digital/video/meditation-on-sound/index.html]
[yogaworks.com/digital/video/balanced-flow/index.html]
[cf-images.us-east-1.prod.boltdns.net/v1/static/6055873627001/06d8ecbf-2051-4840-b0d2-8845125faaae/bf58acad-1012-463b-bdc9-abe502d06df8/640x360/m/image.195.delaye]
[yogaworks.com/digital/video/deepen-your-attention-with-breath/index.html]
[yogaworks.com/digital/video/breath-in-the-body/index.html]
[yogaworks.com/digital/video/30-min-detox/index.html]
[yogaworks.com/digital/video/compassionate-body-scan/index.html]
[cf-images.us-east-1.prod.boltdns.net/v1/static/6055873627001/db219ad3-f227-4a0d-bc7d-1c706bba3922/034049f1-2e10-4c42-9582-22043c11f5fb/640x360/m/image.197.delaye]
[cf-images.us-east-1.prod.boltdns.net/v1/static/6055873627001/946ffac7-cc1b-4063-be4c-a5ca98caf61c/5869868f-103b-42fc-b89a-6d90475248b8/640x360/m/image.196.delaye]
[yogaworks.com/digital/video/morning-power-flow/index.html]
[yogaworks.com/digital/video/centering-meditation/index.html]
[yogaworks.com/digital/video/all-about-the-core/index.html]
[cf-images.us-east-1.prod.boltdns.net/v1/static/6055873627001/017c4142-d29f-461d-910a-f5ebe280327d/ac0fc07f-714b-4e39-b848-cc50adf43106/640x360/m/image.198.delaye]
[yogaworks.com/digital/video/5-minute-metta-meditation/index.html]
[cf-images.us-east-1.prod.boltdns.net/v1/static/6055873627001/f4a517bf-b2f5-4d26-9cf9-92e7c4636e58/4e499d42-745e-4d25-af8b-82433c770f17/640x360/m/image.199.delaye]
[yogaworks.com/digital/video/yo-zac/index.html]
[yogaworks.com/digital/video/gratitude-meditation/index.html]
[yogaworks.com/digital/video/go-flow/index.html]
[cf-images.us-east-1.prod.boltdns.net/v1/static/6055873627001/8c47b39f-8c2c-4cff-94fc-65309b51d3e2/56ef66a1-0338-48ed-bdd1-2be33a8fd546/640x360/m/image.19a.delaye]
[cf-images.us-east-1.prod.boltdns.net/v1/static/6055873627001/274246a6-b63b-4ad8-b9f2-52b88ffcfcdf/8cafd648-da34-4f23-acff-6f9c5d1753ac/640x360/m/image.19b.delaye]
[yogaworks.com/digital/video/10-minute-metta-meditation/index.html]
[yogaworks.com/digital/video/powerful-flow/index.html]
[cf-images.us-east-1.prod.boltdns.net/v1/static/6055873627001/006edfdb-b602-4ae8-a4e6-99307465b491/b0f332e7-83ee-400f-80c9-34efcd463db4/640x360/m/image.19c.delaye]
[yogaworks.com/digital/video/functional-poses/index.html]
[yogaworks.com/digital/video/body-scan/index.html]
[cf-images.us-east-1.prod.boltdns.net/v1/static/6055873627001/1bc15d00-7a97-4ae0-a283-4136878a7a6f/dc2308fe-63de-4a6c-b692-9ba17ed5176e/640x360/m/image.19d.delaye]
[yogaworks.com/digital/video/the-river/index.html]
[yogaworks.com/digital/video/20-minute-body-scan/index.html]
[yogaworks.com/digital/video/have-10-minutes-to-practice-practice/index.html]
[cf-images.us-east-1.prod.boltdns.net/v1/static/6055873627001/be661411-2783-4d9c-89cd-cae2113bcf15/1491b341-a886-4d95-89ba-0b73fbdd43da/640x360/m/image.19e.delaye]
[yogaworks.com/digital/video/20-minute-metta-meditation/index.html]
[yogaworks.com/digital/video/core-power/index.html]
[yogaworks.com/digital/video/practice-plank/index.html]
[yogaworks.com/digital/video/back-leg-tutorial/index.html]
[yogaworks.com/digital/video/power-yoga-series-1/index.html]
[yogaworks.com/digital/video/healing-practice/index.html]
[yogaworks.com/digital/video/core-awareness-strength/index.html]
[yogaworks.com/indexb8f9.html]
[yogaworks.com/digital/video/time-for-a-quickie/index.html]
[yogaworks.com/digital/video/half-hour-cardio-for-beginners/index.html]
[yogaworks.com/digital/video/twists-backbends/index.html]
[yogaworks.com/digital/video/level-1-lower-body/index.html]
[yogaworks.com/digital/video/beginners-daily-practice/index.html]
[yogaworks.com/digital/video/10-min-core-butt/index.html]
[yogaworks.com/digital/video/quick-am-pick-me-up/index.html]
[yogaworks.com/digital/video/10-minute-abs/index.html]
[yogaworks.com/digital/video/upper-body-blast/index.html]
[yogaworks.com/digital/video/all-about-that-base/index.html]
[yogaworks.com/digital/video/20-minute-well-balanced-flow/index.html]
[yogaworks.com/digital/video/20-minute-yin/index.html]
[yogaworks.com/digital/video/not-so-hardcore/index.html]
[yogaworks.com/digital/video/anytime-practice/index.html]
[yogaworks.com/digital/video/twisting-detox/index.html]
[yogaworks.com/digital/video/lower-body-booster/index.html]
[yogaworks.com/digital/video/early-am-flow/index.html]
[yogaworks.com/digital/video/45-minute-well-balanced-flow/index.html]
[yogaworks.com/digital/video/plank-challenge/index.html]
[yogaworks.com/digital/video/just-bs/index.html]
[yogaworks.com/digital/video/core-burn/index.html]
[yogaworks.com/digital/video/upper-body-into-crow/index.html]
[yogaworks.com/digital/video/quick-challenging-flow/index.html]
[yogaworks.com/digital/video/fit-flow/index.html]
[yogaworks.com/digital/video/hip-opening-flow/index.html]
[yogaworks.com/digital/video/core-and-more-core/index.html]
[yogaworks.com/digital/video/30-minute-cardio/index.html]
[yogaworks.com/digital/video/lower-body-tone/index.html]
[yogaworks.com/digital/video/pigeons-eagles-and-crows/index.html]
[yogaworks.com/digital/video/side-body-flow/index.html]
[yogaworks.com/digital/video/lengthen-and-strengthen/index.html]
[yogaworks.com/digital/video/yoga-for-stress-relief/index.html]
[yogaworks.com/digital/video/20-minute-detox/index.html]
[yogaworks.com/digital/video/beginners-balance/index.html]
[yogaworks.com/digital/video/shoulder-flow/index.html]
[yogaworks.com/digital/video/steady-flow/index.html]
[yogaworks.com/digital/video/free-your-spine/index.html]
[yogaworks.com/digital/video/refresh-yourself/index.html]
[yogaworks.com/digital/video/sweet-release/index.html]
[yogaworks.com/digital/video/tune-into-yourself/index.html]
[yogaworks.com/digital/video/rooted-and-radiant/index.html]
[yogaworks.com/digital/video/simple-not-easy/index.html]
[yogaworks.com/digital/video/flowing-heart/index.html]
[yogaworks.com/digital/video/cardio-flow/index.html]
[yogaworks.com/digital/video/authentic-self/index.html]
[yogaworks.com/digital/video/heart-core-flow/index.html]
[yogaworks.com/digital/video/time-to-move/index.html]
[yogaworks.com/digital/video/heart-healing-flow/index.html]
[yogaworks.com/digital/video/open-hips-open-heart/index.html]
[yogaworks.com/digital/video/full-body-burn/index.html]
[yogaworks.com/digital/video/anahata-chakra-flow/index.html]
[yogaworks.com/digital/video/power-yoga-2/index.html]
[yogaworks.com/digital/video/well-rounded-shoulder-and-heart-opening-sequence/index.html]
[yogaworks.com/digital/video/hip-and-heart-flow/index.html]
[yogaworks.com/digital/video/empower-yourself/index.html]
[yogaworks.com/digital/video/fast-flow/index.html]
[yogaworks.com/digital/video/ill-bend-over-backwards-for-you/index.html]
[yogaworks.com/digital/video/taming-the-pigeon/index.html]
[yogaworks.com/digital/video/flow-to-urdhva-dhanurasana/index.html]
[yogaworks.com/digital/video/around-the-world/index.html]
[yogaworks.com/digital/video/spine-tonic-flow/index.html]
[yogaworks.com/digital/video/10-minute-beginner-core/index.html]
[yogaworks.com/digital/video/quick-core/index.html]
[yogaworks.com/digital/video/10-minute-core/index.html]
[yogaworks.com/digital/video/awaken-your-core/index.html]
[yogaworks.com/digital/video/360-degree-core/index.html]
[yogaworks.com/digital/video/core-strengthener/index.html]
[yogaworks.com/digital/video/magic-carpet-ride/index.html]
[yogaworks.com/digital/video/core-without-crunches/index.html]
[yogaworks.com/digital/video/killer-core/index.html]
[yogaworks.com/digital/video/intense-core/index.html]
[yogaworks.com/digital/video/root-chakra-flow/index.html]
[yogaworks.com/digital/video/sacral-chakra-flow/index.html]
[yogaworks.com/digital/video/manipura-chakra-flow/index.html]
[yogaworks.com/digital/video/vishuddha-chakra-flow/index.html]
[yogaworks.com/digital/video/ajna-chakra-flow/index.html]
[yogaworks.com/digital/video/sahasrara-chakra-flow/index.html]
[yogaworks.com/digital/video/get-set-for-flight-in-crow-pose/index.html]
[yogaworks.com/digital/video/step-by-step-bakasana/index.html]
[yogaworks.com/digital/video/bakasana/index.html]
[yogaworks.com/digital/video/bakasana-prep/index.html]
[yogaworks.com/digital/video/bakasana-breakdown/index.html]
[yogaworks.com/digital/video/fly-crow-fly/index.html]
[yogaworks.com/digital/video/crow-takes-flight/index.html]
[yogaworks.com/digital/video/bakasana-to-chaturanga/index.html]
[yogaworks.com/digital/video/down-dog-to-bakasana/index.html]
[yogaworks.com/digital/video/bakasana-to-tripod/index.html]
[yogaworks.com/digital/video/flow-to-twisting-crow/index.html]
[yogaworks.com/digital/video/bakasana-2/index.html]
[yogaworks.com/digital/video/eka-pada-bakasana-tutorial/index.html]
[yogaworks.com/digital/video/eka-pada-bakasana/index.html]
[yogaworks.com/digital/video/meet-down-dog/index.html]
[yogaworks.com/digital/video/meet-puppy-dog/index.html]
[yogaworks.com/digital/video/vinyasa-plank-to-down-dog/index.html]
[yogaworks.com/digital/video/meet-surya-a/index.html]
[yogaworks.com/digital/video/how-to-do-chaturanga/index.html]
[yogaworks.com/digital/video/shoulder-openers/index.html]
[yogaworks.com/digital/video/practice-handstand/index.html]
[yogaworks.com/digital/video/pincha-mayurasana/index.html]
[yogaworks.com/digital/video/computer-blues/index.html]
[yogaworks.com/digital/video/hard-core-business/index.html]
[yogaworks.com/digital/video/2pm-slump/index.html]
[yogaworks.com/digital/video/office-lower-back-relief/index.html]
[yogaworks.com/digital/video/powerful-pause/index.html]
[yogaworks.com/digital/video/office-unwind/index.html]
[yogaworks.com/digital/video/office-yoga-stretch/index.html]
[yogaworks.com/digital/video/cubicle-cat-cow/index.html]
[yogaworks.com/digital/video/stretch-your-seat/index.html]
[yogaworks.com/digital/video/meet-vira-2-side-angle/index.html]
[yogaworks.com/digital/video/meet-trikonasana/index.html]
[yogaworks.com/digital/video/meet-vira-1/index.html]
[yogaworks.com/digital/video/meet-surya-b/index.html]
[yogaworks.com/digital/video/restoratives/index.html]
[yogaworks.com/digital/video/meet-surya-a-b/index.html]
[yogaworks.com/digital/video/meet-forward-bends/index.html]
[yogaworks.com/digital/video/meet-twists/index.html]
[yogaworks.com/digital/video/meet-backbends/index.html]
[cf-images.us-east-1.prod.boltdns.net/v1/static/6055873627001/b23c8a83-1a36-45c5-a0d5-4c4b9a7e657f/4030f305-3071-4bda-ace7-9fc98237ea9e/640x360/m/image.18c.delaye]
[yogaworks.com/digital/video/meet-headstand/index.html]
[yogaworks.com/digital/video/begin-to-flow/index.html]
[yogaworks.com/digital/video/simple-gentle-beginners/index.html]
[yogaworks.com/digital/video/leading-to-meditation/index.html]
[yogaworks.com/digital/video/sanctuary/index.html]
[yogaworks.com/digital/video/meditation-on-sound/index.html]
[yogaworks.com/digital/video/deepen-your-attention-with-breath/index.html]
[yogaworks.com/digital/video/breath-in-the-body/index.html]
[yogaworks.com/digital/video/compassionate-body-scan/index.html]
[yogaworks.com/digital/video/centering-meditation/index.html]
[yogaworks.com/digital/video/5-minute-metta-meditation/index.html]
[yogaworks.com/digital/video/gratitude-meditation/index.html]
[yogaworks.com/digital/video/10-minute-metta-meditation/index.html]
[yogaworks.com/digital/video/body-scan/index.html]
[yogaworks.com/digital/video/the-river/index.html]
[yogaworks.com/digital/video/20-minute-body-scan/index.html]
[yogaworks.com/digital/video/20-minute-metta-meditation/index.html]
[yogaworks.com/app/plugins/ninja-forms/assets/fonts/fontawesome-webfont3295.html]
[yogaworks.com/app/plugins/ninja-forms/assets/fonts/fontawesome-webfont3295.svg]
[yogaworks.com/indexb8f9.html]
